running egg_info
creating ../../build/maze_solver/maze_solver.egg-info
writing ../../build/maze_solver/maze_solver.egg-info/PKG-INFO
writing dependency_links to ../../build/maze_solver/maze_solver.egg-info/dependency_links.txt
writing entry points to ../../build/maze_solver/maze_solver.egg-info/entry_points.txt
writing requirements to ../../build/maze_solver/maze_solver.egg-info/requires.txt
writing top-level names to ../../build/maze_solver/maze_solver.egg-info/top_level.txt
writing manifest file '../../build/maze_solver/maze_solver.egg-info/SOURCES.txt'
reading manifest file '../../build/maze_solver/maze_solver.egg-info/SOURCES.txt'
writing manifest file '../../build/maze_solver/maze_solver.egg-info/SOURCES.txt'
running build
running build_py
creating /home/pes2ug23cs615/maze_ws/build/maze_solver/build
creating /home/pes2ug23cs615/maze_ws/build/maze_solver/build/lib
creating /home/pes2ug23cs615/maze_ws/build/maze_solver/build/lib/maze_solver
copying maze_solver/solver_node.py -> /home/pes2ug23cs615/maze_ws/build/maze_solver/build/lib/maze_solver
copying maze_solver/maze.py -> /home/pes2ug23cs615/maze_ws/build/maze_solver/build/lib/maze_solver
copying maze_solver/__init__.py -> /home/pes2ug23cs615/maze_ws/build/maze_solver/build/lib/maze_solver
copying maze_solver/astar.py -> /home/pes2ug23cs615/maze_ws/build/maze_solver/build/lib/maze_solver
running install
running install_lib
creating /home/pes2ug23cs615/maze_ws/install/maze_solver/lib/python3.10/site-packages/maze_solver
copying /home/pes2ug23cs615/maze_ws/build/maze_solver/build/lib/maze_solver/solver_node.py -> /home/pes2ug23cs615/maze_ws/install/maze_solver/lib/python3.10/site-packages/maze_solver
copying /home/pes2ug23cs615/maze_ws/build/maze_solver/build/lib/maze_solver/maze.py -> /home/pes2ug23cs615/maze_ws/install/maze_solver/lib/python3.10/site-packages/maze_solver
copying /home/pes2ug23cs615/maze_ws/build/maze_solver/build/lib/maze_solver/__init__.py -> /home/pes2ug23cs615/maze_ws/install/maze_solver/lib/python3.10/site-packages/maze_solver
copying /home/pes2ug23cs615/maze_ws/build/maze_solver/build/lib/maze_solver/astar.py -> /home/pes2ug23cs615/maze_ws/install/maze_solver/lib/python3.10/site-packages/maze_solver
byte-compiling /home/pes2ug23cs615/maze_ws/install/maze_solver/lib/python3.10/site-packages/maze_solver/solver_node.py to solver_node.cpython-310.pyc
byte-compiling /home/pes2ug23cs615/maze_ws/install/maze_solver/lib/python3.10/site-packages/maze_solver/maze.py to maze.cpython-310.pyc
byte-compiling /home/pes2ug23cs615/maze_ws/install/maze_solver/lib/python3.10/site-packages/maze_solver/__init__.py to __init__.cpython-310.pyc
byte-compiling /home/pes2ug23cs615/maze_ws/install/maze_solver/lib/python3.10/site-packages/maze_solver/astar.py to astar.cpython-310.pyc
running install_data
creating /home/pes2ug23cs615/maze_ws/install/maze_solver/share/ament_index
creating /home/pes2ug23cs615/maze_ws/install/maze_solver/share/ament_index/resource_index
creating /home/pes2ug23cs615/maze_ws/install/maze_solver/share/ament_index/resource_index/packages
copying resource/maze_solver -> /home/pes2ug23cs615/maze_ws/install/maze_solver/share/ament_index/resource_index/packages
copying package.xml -> /home/pes2ug23cs615/maze_ws/install/maze_solver/share/maze_solver
running install_egg_info
Copying ../../build/maze_solver/maze_solver.egg-info to /home/pes2ug23cs615/maze_ws/install/maze_solver/lib/python3.10/site-packages/maze_solver-0.0.0-py3.10.egg-info
running install_scripts
Installing solver script to /home/pes2ug23cs615/maze_ws/install/maze_solver/lib/maze_solver
writing list of installed files to '/home/pes2ug23cs615/maze_ws/build/maze_solver/install.log'
