[2.443s] Invoking command in '/home/pes2ug23cs615/maze_ws/src/maze_solver': PYTHONPATH=/home/pes2ug23cs615/maze_ws/build/maze_solver/prefix_override:/usr/lib/python3/dist-packages/colcon_core/task/python/colcon_distutils_commands:/home/pes2ug23cs615/maze_ws/install/maze_solver/lib/python3.10/site-packages:${PYTHONPATH} /usr/bin/python3 -W ignore:setup.py install is deprecated -W ignore:easy_install command is deprecated setup.py egg_info --egg-base ../../build/maze_solver build --build-base /home/pes2ug23cs615/maze_ws/build/maze_solver/build install --record /home/pes2ug23cs615/maze_ws/build/maze_solver/install.log --single-version-externally-managed install_data
[3.754s] running egg_info
[3.757s] writing ../../build/maze_solver/maze_solver.egg-info/PKG-INFO
[3.760s] writing dependency_links to ../../build/maze_solver/maze_solver.egg-info/dependency_links.txt
[3.765s] writing entry points to ../../build/maze_solver/maze_solver.egg-info/entry_points.txt
[3.766s] writing requirements to ../../build/maze_solver/maze_solver.egg-info/requires.txt
[3.770s] writing top-level names to ../../build/maze_solver/maze_solver.egg-info/top_level.txt
[3.780s] reading manifest file '../../build/maze_solver/maze_solver.egg-info/SOURCES.txt'
[3.785s] writing manifest file '../../build/maze_solver/maze_solver.egg-info/SOURCES.txt'
[3.787s] running build
[3.787s] running build_py
[3.788s] running install
[3.790s] running install_lib
[3.798s] running install_data
[3.802s] running install_egg_info
[3.815s] removing '/home/pes2ug23cs615/maze_ws/install/maze_solver/lib/python3.10/site-packages/maze_solver-0.0.0-py3.10.egg-info' (and everything under it)
[3.817s] Copying ../../build/maze_solver/maze_solver.egg-info to /home/pes2ug23cs615/maze_ws/install/maze_solver/lib/python3.10/site-packages/maze_solver-0.0.0-py3.10.egg-info
[3.824s] running install_scripts
[3.930s] Installing solver script to /home/pes2ug23cs615/maze_ws/install/maze_solver/lib/maze_solver
[3.933s] writing list of installed files to '/home/pes2ug23cs615/maze_ws/build/maze_solver/install.log'
[4.010s] Invoked command in '/home/pes2ug23cs615/maze_ws/src/maze_solver' returned '0': PYTHONPATH=/home/pes2ug23cs615/maze_ws/build/maze_solver/prefix_override:/usr/lib/python3/dist-packages/colcon_core/task/python/colcon_distutils_commands:/home/pes2ug23cs615/maze_ws/install/maze_solver/lib/python3.10/site-packages:${PYTHONPATH} /usr/bin/python3 -W ignore:setup.py install is deprecated -W ignore:easy_install command is deprecated setup.py egg_info --egg-base ../../build/maze_solver build --build-base /home/pes2ug23cs615/maze_ws/build/maze_solver/build install --record /home/pes2ug23cs615/maze_ws/build/maze_solver/install.log --single-version-externally-managed install_data
