[2.918s] Invoking command in '/home/pes2ug23cs615/maze_ws/src/maze_solver': PYTHONPATH=/home/pes2ug23cs615/maze_ws/build/maze_solver/prefix_override:/usr/lib/python3/dist-packages/colcon_core/task/python/colcon_distutils_commands:/home/pes2ug23cs615/maze_ws/install/maze_solver/lib/python3.10/site-packages:${PYTHONPATH} /usr/bin/python3 -W ignore:setup.py install is deprecated -W ignore:easy_install command is deprecated setup.py egg_info --egg-base ../../build/maze_solver build --build-base /home/pes2ug23cs615/maze_ws/build/maze_solver/build install --record /home/pes2ug23cs615/maze_ws/build/maze_solver/install.log --single-version-externally-managed install_data
[4.037s] running egg_info
[4.037s] writing ../../build/maze_solver/maze_solver.egg-info/PKG-INFO
[4.038s] writing dependency_links to ../../build/maze_solver/maze_solver.egg-info/dependency_links.txt
[4.044s] writing entry points to ../../build/maze_solver/maze_solver.egg-info/entry_points.txt
[4.045s] writing requirements to ../../build/maze_solver/maze_solver.egg-info/requires.txt
[4.045s] writing top-level names to ../../build/maze_solver/maze_solver.egg-info/top_level.txt
[4.045s] reading manifest file '../../build/maze_solver/maze_solver.egg-info/SOURCES.txt'
[4.046s] writing manifest file '../../build/maze_solver/maze_solver.egg-info/SOURCES.txt'
[4.046s] running build
[4.046s] running build_py
[4.046s] running install
[4.053s] running install_lib
[4.093s] running install_data
[4.094s] running install_egg_info
[4.094s] removing '/home/pes2ug23cs615/maze_ws/install/maze_solver/lib/python3.10/site-packages/maze_solver-0.0.0-py3.10.egg-info' (and everything under it)
[4.094s] Copying ../../build/maze_solver/maze_solver.egg-info to /home/pes2ug23cs615/maze_ws/install/maze_solver/lib/python3.10/site-packages/maze_solver-0.0.0-py3.10.egg-info
[4.094s] running install_scripts
[4.146s] Installing solver script to /home/pes2ug23cs615/maze_ws/install/maze_solver/lib/maze_solver
[4.147s] writing list of installed files to '/home/pes2ug23cs615/maze_ws/build/maze_solver/install.log'
[4.249s] Invoked command in '/home/pes2ug23cs615/maze_ws/src/maze_solver' returned '0': PYTHONPATH=/home/pes2ug23cs615/maze_ws/build/maze_solver/prefix_override:/usr/lib/python3/dist-packages/colcon_core/task/python/colcon_distutils_commands:/home/pes2ug23cs615/maze_ws/install/maze_solver/lib/python3.10/site-packages:${PYTHONPATH} /usr/bin/python3 -W ignore:setup.py install is deprecated -W ignore:easy_install command is deprecated setup.py egg_info --egg-base ../../build/maze_solver build --build-base /home/pes2ug23cs615/maze_ws/build/maze_solver/build install --record /home/pes2ug23cs615/maze_ws/build/maze_solver/install.log --single-version-externally-managed install_data
